// Jest Snapshot v1, https://goo.gl/fbAQLP

exports[`SearchForm renders an indication of searchForm 1`] = `
<form
  className="search-container"
>
  <h3>
    Search Articles:
  </h3>
  <input
    className="SearchForm"
    onChange={[MockFunction]}
    placeholder="Type here..."
    type="text"
    value=""
  />
  <button
    onClick={[Function]}
  >
    Search
  </button>
</form>
`;
